 gcc -g p1final.c
 ./a.out
enter the of base and height
2
3
area of triangle with base 2.000000 and height 3.000000 is 3.000000
 gcc -g p1final.c
 gdb a.out
GNU gdb (Ubuntu 8.1.1-0ubuntu1) 8.1.1
Copyright (C) 2018 Free Software Foundation, Inc.
License GPLv3+: GNU GPL version 3 or later <http://gnu.org/licenses/gpl.html>
This is free software: you are free to change and redistribute it.
There is NO WARRANTY, to the extent permitted by law.  Type "show copying"
and "show warranty" for details.
This GDB was configured as "x86_64-linux-gnu".
Type "show configuration" for configuration details.
For bug reporting instructions, please see:
<http://www.gnu.org/software/gdb/bugs/>.
Find the GDB manual and other documentation resources online at:
<http://www.gnu.org/software/gdb/documentation/>.
For help, type "help".
Type "apropos word" to search for commands related to "word"...
Reading symbols from a.out...done.
(gdb) b main
Breakpoint 1 at 0x822: file p1final.c, line 17.
(gdb) r
Starting program: /home/runner/IA2-Test1-Session2/a.out 
warning: Error disabling address space randomization: Operation not permitted

Breakpoint 1, main () at p1final.c:17
17  {
(gdb) n
19     input(&base, &height);
(gdb) s
input (base=0x7fff1ff4171c, height=0x7fff1ff41720) at p1final.c:5
5     printf("enter the of base and height\n");
(gdb) n
enter the of base and height
6     scanf("%f%f",base,height);
(gdb) n
3
4
7   }
(gdb) n
main () at p1final.c:20
20    find_area(base,height,&area);
(gdb) s
find_area (base=3, height=4, area=0x7fff1ff41724) at p1final.c:10
10   *area = 0.5 * base * height;
(gdb) n
11  }
 
 gcc -g p2final.c
 ./a.out
enter the value
3
enter the value
4
enter the value
5
triangle is scalene
 gcc -g p2final.c
 gdb a.out
GNU gdb (Ubuntu 8.1.1-0ubuntu1) 8.1.1
Copyright (C) 2018 Free Software Foundation, Inc.
License GPLv3+: GNU GPL version 3 or later <http://gnu.org/licenses/gpl.html>
This is free software: you are free to change and redistribute it.
There is NO WARRANTY, to the extent permitted by law.  Type "show copying"
and "show warranty" for details.
This GDB was configured as "x86_64-linux-gnu".
Type "show configuration" for configuration details.
For bug reporting instructions, please see:
<http://www.gnu.org/software/gdb/bugs/>.
Find the GDB manual and other documentation resources online at:
<http://www.gnu.org/software/gdb/documentation/>.
For help, type "help".
Type "apropos word" to search for commands related to "word"...
Reading symbols from a.out...done.
(gdb) b main
Breakpoint 1 at 0x843: file p2final.c, line 36.
(gdb) r
Starting program: /home/runner/IA2-Test1-Session2/a.out 
warning: Error disabling address space randomization: Operation not permitted

Breakpoint 1, main () at p2final.c:36
36    a = input_side();
(gdb) s
input_side () at p2final.c:3
3   {
(gdb) n
5     printf("enter the value\n");
(gdb) n
enter the value
6     scanf("%d",&n);
(gdb) n
3
7     return n;
(gdb) n
8   }
(gdb) n
main () at p2final.c:37
37    b=input_side();
(gdb) s
input_side () at p2final.c:3
3   {
(gdb) n
5     printf("enter the value\n");
(gdb) n
enter the value
6     scanf("%d",&n);
(gdb) n
56
7     return n;
(gdb) n
8   }
(gdb) n
main () at p2final.c:38
38    c=input_side();
(gdb) s
input_side () at p2final.c:3
3   {
(gdb) n
5     printf("enter the value\n");
(gdb) n
enter the value
6     scanf("%d",&n);
(gdb) n
6
7     return n;
(gdb) n
8   }
(gdb) n
main () at p2final.c:39
39    isscalene= check_scalene(a,b,c);
(gdb) s
check_scalene (a=3, b=56, c=6) at p2final.c:11
11     int result=0;
(gdb) n
12      if(a==b || b==c || a==c)
(gdb) n
18      result=0;
(gdb) n
20     return result;
(gdb) n
21  }
(gdb) n
main () at p2final.c:40
40    output(a,b,c,isscalene);
(gdb) s
output (a=3, b=56, c=6, isscalene=0) at p2final.c:24
24    if(isscalene==0)
(gdb) n
26   printf("triangle is scalene\n");
(gdb) n
triangle is scalene
32  }
(gdb) n
main () at p2final.c:41
41    return 0 ;
(gdb) n
42  }(gdb) n
__libc_start_main (main=0x55d28a80083b <main>, argc=1, argv=0x7ffd795c9dc8, 
    init=<optimized out>, fini=<optimized out>, rtld_fini=<optimized out>, 
    stack_end=0x7ffd795c9db8) at ../csu/libc-start.c:344
344 ../csu/libc-start.c: No such file or directory.
(gdb) q
A debugging session is active.

    Inferior 1 [process 243] will be killed.

Quit anyway? (y or n) y
 